#-----------------------------------------------------------
# Webtalk v2020.1 (64-bit)
# SW Build 2902540 on Wed May 27 19:54:49 MDT 2020
# IP Build 2902112 on Wed May 27 22:43:36 MDT 2020
# Start of session at: Wed Oct 21 11:16:25 2020
# Process ID: 3104
# Current directory: C:/Xilinx/Vivado2020.1/Vivado/2020.1/2020_VSP/Lab05/all/lab05.sim/sim_1/synth/func/xsim
# Command line: wbtcv.exe -mode batch -source C:/Xilinx/Vivado2020.1/Vivado/2020.1/2020_VSP/Lab05/all/lab05.sim/sim_1/synth/func/xsim/xsim.dir/TM_mem_func_synth/webtalk/xsim_webtalk.tcl -notrace
# Log file: C:/Xilinx/Vivado2020.1/Vivado/2020.1/2020_VSP/Lab05/all/lab05.sim/sim_1/synth/func/xsim/webtalk.log
# Journal file: C:/Xilinx/Vivado2020.1/Vivado/2020.1/2020_VSP/Lab05/all/lab05.sim/sim_1/synth/func/xsim\webtalk.jou
#-----------------------------------------------------------
source C:/Xilinx/Vivado2020.1/Vivado/2020.1/2020_VSP/Lab05/all/lab05.sim/sim_1/synth/func/xsim/xsim.dir/TM_mem_func_synth/webtalk/xsim_webtalk.tcl -notrace
